Running Gradle task 'assembleDebug'...                          
flutter : Invalid 
depfile: C:\Users\sah
bi\Desktop\projet-arc
h_IOT\smart_home_proj
ect\.dart_tool\flutte
r_build\796299b91446d
d571779bdc9d57b13e4\k
ernel_snapshot_progra
m.d
Au caractère Ligne:1 
: 1
+ flutter build apk 
--debug 2>&1 | 
Out-File -FilePath 
"build_output.txt ...
+ ~~~~~~~~~~~~~~~~~~~
~~~~~~~~~~~
    + CategoryInfo   
           : 
NotSpecified: (I    
nvalid 
depfile...psho    
t_program.d:String) 
[    ], 
RemoteException
    + 
FullyQualifiedError  
  Id : 
NativeCommandErr    
or
 
Invalid depfile: C:\U
sers\sahbi\Desktop\pr
ojet-arch_IOT\smart_h
ome_project\.dart_too
l\flutter_build\79629
9b91446dd571779bdc9d5
7b13e4\kernel_snapsho
t_program.d
Error: Couldn't 
resolve the package '
google_mlkit_face_det
ection' in 'package:g
oogle_mlkit_face_dete
ction/google_mlkit_fa
ce_detection.dart'.
lib/pages/face_recogn
ition/recognize_perso
n_page.dart:6:8: 
Error: Not found: 'pa
ckage:google_mlkit_fa
ce_detection/google_m
lkit_face_detection.d
art'
import 'package:googl
e_mlkit_face_detectio
n/google_mlkit_face_d
etection.dart';
       ^
lib/pages/face_recogn
ition/recognize_perso
n_page.dart:26:3: 
Error: Type 
'FaceDetector' not 
found.
  FaceDetector? 
faceDetector;
  ^^^^^^^^^^^^
lib/pages/face_recogn
ition/recognize_perso
n_page.dart:26:3: 
Error: 
'FaceDetector' isn't 
a type.
  FaceDetector? 
faceDetector;
  ^^^^^^^^^^^^
lib/pages/face_recogn
ition/recognize_perso
n_page.dart:76:21: 
Error: The method 'Fa
ceDetectorOptions' 
isn't defined for 
the type '_RecognizeP
ersonPageState'.
 - '_RecognizePersonP
ageState' is from 'pa
ckage:smart_home_proj
ect/pages/face_recogn
ition/recognize_perso
n_page.dart' ('lib/pa
ges/face_recognition/
recognize_person_page
.dart').
Try correcting the 
name to the name of 
an existing method, 
or defining a method 
named 'FaceDetectorOp
tions'.
    final options = 
FaceDetectorOptions(
                    
^^^^^^^^^^^^^^^^^^^
lib/pages/face_recogn
ition/recognize_perso
n_page.dart:81:20: 
Error: The method 
'FaceDetector' isn't 
defined for the type 
'_RecognizePersonPage
State'.
 - '_RecognizePersonP
ageState' is from 'pa
ckage:smart_home_proj
ect/pages/face_recogn
ition/recognize_perso
n_page.dart' ('lib/pa
ges/face_recognition/
recognize_person_page
.dart').
Try correcting the 
name to the name of 
an existing method, 
or defining a method 
named 'FaceDetector'.
    faceDetector = Fa
ceDetector(options: 
options);
                   
^^^^^^^^^^^^
lib/pages/face_recogn
ition/recognize_perso
n_page.dart:158:26: 
Error: The getter 
'InputImage' isn't 
defined for the type 
'_RecognizePersonPage
State'.
 - '_RecognizePersonP
ageState' is from 'pa
ckage:smart_home_proj
ect/pages/face_recogn
ition/recognize_perso
n_page.dart' ('lib/pa
ges/face_recognition/
recognize_person_page
.dart').
Try correcting the 
name to the name of 
an existing getter, 
or defining a getter 
or field named 
'InputImage'.
      final 
inputImage = InputIma
ge.fromFilePath(image
.path);
                     
    ^^^^^^^^^^
Unhandled exception:
FileSystemException(u
ri=org-dartlang-untra
nslatable-uri:package
%3Agoogle_mlkit_face_
detection%2Fgoogle_ml
kit_face_detection.da
rt; message=StandardF
ileSystem only 
supports file:* and 
data:* URIs)
#0      StandardFileS
ystem.entityForUri (p
ackage:front_end/src/
api_prototype/standar
d_file_system.dart:45
)
#1      asFileUri (pa
ckage:vm/kernel_front
_end.dart:1008)
#2      writeDepfile 
(package:vm/kernel_fr
ont_end.dart:1171)
<asynchronous 
suspension>
#3      FrontendCompi
ler.compile (package:
frontend_server/front
end_server.dart:738)
<asynchronous 
suspension>
#4      starter (pack
age:frontend_server/s
tarter.dart:102)
<asynchronous 
suspension>
#5      main (file://
/C:/b/s/w/ir/x/w/sdk/
pkg/frontend_server/b
in/frontend_server_st
arter.dart:13)
<asynchronous 
suspension>

Target kernel_snapsho
t_program failed: 
Exception


FAILURE: Build 
failed with an 
exception.

* What went wrong:
Execution failed for 
task ':app:compileFlu
tterBuildDebug'.
> Process 'command 'C
:\flutter\flutter\bin
\flutter.bat'' 
finished with 
non-zero exit value 1

* Try:
> Run with 
--stacktrace option 
to get the stack 
trace.
> Run with --info or 
--debug option to 
get more log output.
> Run with --scan to 
get full insights.
> Get more help at ht
tps://help.gradle.org
.

BUILD FAILED in 23s
Running Gradle task 'assembleDebug'...                             23,6s
Gradle task 
assembleDebug failed 
with exit code 1
